============================= test session starts ==============================
platform linux -- Python 3.12.3, pytest-8.3.4, pluggy-1.6.0 -- /home/admin/Downloads/xinbiaozhu/opp274/b/.venv/bin/python
rootdir: /home/admin/Downloads/xinbiaozhu/opp274/b
configfile: pytest.ini
plugins: anyio-4.15.1
collecting ... collected 124 items

tests/test_ipclass.py::test_classification_table[127.0.0.1-127.0.0.1-ipv4-tags0-True] PASSED [  0%]
tests/test_ipclass.py::test_classification_table[127.1.2.3-127.1.2.3-ipv4-tags1-True] PASSED [  1%]
tests/test_ipclass.py::test_classification_table[127.255.255.254-127.255.255.254-ipv4-tags2-True] PASSED [  2%]
tests/test_ipclass.py::test_classification_table[0.0.0.0-0.0.0.0-ipv4-tags3-True] PASSED [  3%]
tests/test_ipclass.py::test_classification_table[0.1.2.3-0.1.2.3-ipv4-tags4-True] PASSED [  4%]
tests/test_ipclass.py::test_classification_table[10.0.0.1-10.0.0.1-ipv4-tags5-True] PASSED [  4%]
tests/test_ipclass.py::test_classification_table[172.16.5.5-172.16.5.5-ipv4-tags6-True] PASSED [  5%]
tests/test_ipclass.py::test_classification_table[172.31.255.255-172.31.255.255-ipv4-tags7-True] PASSED [  6%]
tests/test_ipclass.py::test_classification_table[172.32.0.1-172.32.0.1-ipv4-tags8-False] PASSED [  7%]
tests/test_ipclass.py::test_classification_table[192.168.9.9-192.168.9.9-ipv4-tags9-True] PASSED [  8%]
tests/test_ipclass.py::test_classification_table[100.64.0.1-100.64.0.1-ipv4-tags10-True] PASSED [  8%]
tests/test_ipclass.py::test_classification_table[100.127.255.255-100.127.255.255-ipv4-tags11-True] PASSED [  9%]
tests/test_ipclass.py::test_classification_table[169.254.169.254-169.254.169.254-ipv4-tags12-True] PASSED [ 10%]
tests/test_ipclass.py::test_classification_table[169.254.170.2-169.254.170.2-ipv4-tags13-True] PASSED [ 11%]
tests/test_ipclass.py::test_classification_table[224.0.0.1-224.0.0.1-ipv4-tags14-True] PASSED [ 12%]
tests/test_ipclass.py::test_classification_table[240.0.0.1-240.0.0.1-ipv4-tags15-True] PASSED [ 12%]
tests/test_ipclass.py::test_classification_table[255.255.255.255-255.255.255.255-ipv4-tags16-True] PASSED [ 13%]
tests/test_ipclass.py::test_classification_table[192.0.2.7-192.0.2.7-ipv4-tags17-True] PASSED [ 14%]
tests/test_ipclass.py::test_classification_table[198.51.100.7-198.51.100.7-ipv4-tags18-True] PASSED [ 15%]
tests/test_ipclass.py::test_classification_table[203.0.113.10-203.0.113.10-ipv4-tags19-True] PASSED [ 16%]
tests/test_ipclass.py::test_classification_table[198.18.0.1-198.18.0.1-ipv4-tags20-True] PASSED [ 16%]
tests/test_ipclass.py::test_classification_table[198.19.255.255-198.19.255.255-ipv4-tags21-True] PASSED [ 17%]
tests/test_ipclass.py::test_classification_table[192.88.99.1-192.88.99.1-ipv4-tags22-True] PASSED [ 18%]
tests/test_ipclass.py::test_classification_table[8.8.8.8-8.8.8.8-ipv4-tags23-False] PASSED [ 19%]
tests/test_ipclass.py::test_classification_table[1.1.1.1-1.1.1.1-ipv4-tags24-False] PASSED [ 20%]
tests/test_ipclass.py::test_classification_table[::1-::1-ipv6-tags25-True] PASSED [ 20%]
tests/test_ipclass.py::test_classification_table[::-::-ipv6-tags26-True] PASSED [ 21%]
tests/test_ipclass.py::test_classification_table[fe80::1-fe80::1-ipv6-tags27-True] PASSED [ 22%]
tests/test_ipclass.py::test_classification_table[fc00::1-fc00::1-ipv6-tags28-True] PASSED [ 23%]
tests/test_ipclass.py::test_classification_table[fd12::abcd-fd12::abcd-ipv6-tags29-True] PASSED [ 24%]
tests/test_ipclass.py::test_classification_table[ff02::1-ff02::1-ipv6-tags30-True] PASSED [ 25%]
tests/test_ipclass.py::test_classification_table[2001:db8::1-2001:db8::1-ipv6-tags31-True] PASSED [ 25%]
tests/test_ipclass.py::test_classification_table[2002::1-2002::1-ipv6-tags32-True] PASSED [ 26%]
tests/test_ipclass.py::test_classification_table[100::1-100::1-ipv6-tags33-True] PASSED [ 27%]
tests/test_ipclass.py::test_classification_table[2606:4700:4700::1111-2606:4700:4700::1111-ipv6-tags34-False] PASSED [ 28%]
tests/test_ipclass.py::test_mapped_ipv6_unwrapped_to_ipv4[::ffff:127.0.0.1-127.0.0.1-loopback] PASSED [ 29%]
tests/test_ipclass.py::test_mapped_ipv6_unwrapped_to_ipv4[::ffff:169.254.169.254-169.254.169.254-link-local] PASSED [ 29%]
tests/test_ipclass.py::test_mapped_ipv6_unwrapped_to_ipv4[::ffff:10.0.0.1-10.0.0.1-private] PASSED [ 30%]
tests/test_ipclass.py::test_mapped_ipv6_unwrapped_to_ipv4[::ffff:8.8.8.8-8.8.8.8-None] PASSED [ 31%]
tests/test_ipclass.py::test_mapped_ipv6_unwrapped_to_ipv4[::ffff:203.0.113.10-203.0.113.10-documentation] PASSED [ 32%]
tests/test_ipclass.py::test_mapped_ipv6_unwrapped_to_ipv4[::ffff:0:0-0.0.0.0-unspecified] PASSED [ 33%]
tests/test_ipclass.py::test_ipv4_compatible_unwrapped_but_loopback_compressed_stays_v6 PASSED [ 33%]
tests/test_ipclass.py::test_illegal_literals_raise PASSED                [ 34%]
tests/test_kernel.py::test_rebind_meta_first_denied_without_any_connection PASSED [ 35%]
tests/test_kernel.py::test_rebind_second_frame_bad_uses_fresh_snapshot_no_reuse PASSED [ 36%]
tests/test_kernel.py::test_mixed_candidate_set_whole_hop_denied PASSED   [ 37%]
tests/test_kernel.py::test_multi_meta_denied_no_connection PASSED        [ 37%]
tests/test_kernel.py::test_mapped_ipv6_metadata_unwrapped_denied[http://[::ffff:169.254.169.254]/-169.254.169.254-True] PASSED [ 38%]
tests/test_kernel.py::test_mapped_ipv6_metadata_unwrapped_denied[http://mapped-meta.test/-169.254.169.254-True] PASSED [ 39%]
tests/test_kernel.py::test_mapped_ipv6_public_equivalent_classification PASSED [ 40%]
tests/test_kernel.py::test_ipv6_ula_denied PASSED                        [ 41%]
tests/test_kernel.py::test_input_confusions_denied_pre_dns[http://user:pw@demo.local/ok-userinfo.forbidden] PASSED [ 41%]
tests/test_kernel.py::test_input_confusions_denied_pre_dns[http://169.254.169.254@demo.local/ok-userinfo.forbidden] PASSED [ 42%]
tests/test_kernel.py::test_input_confusions_denied_pre_dns[http://2130706433/latest/-host.integer_ip] PASSED [ 43%]
tests/test_kernel.py::test_input_confusions_denied_pre_dns[http://0177.0.0.1/-host.ambiguous_numeric] PASSED [ 44%]
tests/test_kernel.py::test_input_confusions_denied_pre_dns[file:///etc/passwd-scheme.unsupported] PASSED [ 45%]
tests/test_kernel.py::test_input_confusions_denied_pre_dns[http://127.0.0.1\\@evil.com/-url.bad_character] PASSED [ 45%]
tests/test_kernel.py::test_demo_ok_end_to_end_pinned_to_loopback PASSED  [ 46%]
tests/test_kernel.py::test_redirect_each_hop_revalidated PASSED          [ 47%]
tests/test_kernel.py::test_redirect_loop_is_state_conflict PASSED        [ 48%]
tests/test_kernel.py::test_redirect_limit_is_resource_exhausted PASSED   [ 49%]
tests/test_kernel.py::test_redirect_to_file_scheme_input_error PASSED    [ 50%]
tests/test_kernel.py::test_redirect_to_metadata_denied_at_hop_zero_connections_to_meta PASSED [ 50%]
tests/test_kernel.py::test_redirect_to_rebind_host_denied_no_meta_connection PASSED [ 51%]
tests/test_kernel.py::test_nxdomain_is_computation_failed PASSED         [ 52%]
tests/test_kernel.py::test_connection_refused_is_computation_failed PASSED [ 53%]
tests/test_kernel.py::test_response_too_large_is_resource_exhausted Exception occurred during processing of request from ('127.0.0.1', 41144)
PASSED [ 54%]Traceback (most recent call last):
  File "/usr/lib/python3.12/socketserver.py", line 692, in process_request_thread
    self.finish_request(request, client_address)
  File "/usr/lib/python3.12/socketserver.py", line 362, in finish_request
    self.RequestHandlerClass(request, client_address, self)
  File "/usr/lib/python3.12/socketserver.py", line 761, in __init__
    self.handle()

tests/test_kernel.py::test_pin_mismatch_detected_as_state_conflict PASSED [ 54%]
tests/test_kernel.py::test_decision_chain_records_full_reasons PASSED    [ 55%]
tests/test_kernel.py::test_audit_tamper_detection PASSED                 [ 56%]
tests/test_kernel.py::test_oracle_expected_results_match_behavior PASSED [ 57%]
tests/test_policy_resolver.py::test_policy_first_match_wins PASSED       [ 58%]
tests/test_policy_resolver.py::test_default_deny_for_unknown_public PASSED [ 58%]
tests/test_policy_resolver.py::test_mixed_allow_and_deny_candidates_denies_whole PASSED [ 59%]
tests/test_policy_resolver.py::test_all_internal_denied_explicit PASSED  [ 60%]
tests/test_policy_resolver.py::test_grant_isolation_does_not_mutate_base PASSED [ 61%]
tests/test_policy_resolver.py::test_policy_file_rejects_bad_shape PASSED [ 62%]
tests/test_policy_resolver.py::test_resolver_literal_does_not_consume_call PASSED [ 62%]
tests/test_policy_resolver.py::test_resolver_scripted_rebinding_advances_one_call_per_resolve PASSED [ 63%]
tests/test_policy_resolver.py::test_resolver_nxdomain_is_computation_failed PASSED [ 64%]
tests/test_policy_resolver.py::test_resolver_temporary_error PASSED      [ 65%]
tests/test_policy_resolver.py::test_resolver_unknown_host PASSED         [ 66%]
tests/test_policy_resolver.py::test_resolver_clone_independent_counts PASSED [ 66%]
tests/test_policy_resolver.py::test_resolver_classifies_mapped_records PASSED [ 67%]
tests/test_tls.py::test_https_demo_ok_with_local_ca PASSED               [ 68%]
tests/test_tls.py::test_https_without_trusted_ca_is_computation_failed PASSED [ 69%]
tests/test_urlparse.py::test_plain_http_normalized_with_explicit_port PASSED [ 70%]
tests/test_urlparse.py::test_idna_unicode_host_normalized_to_ascii PASSED [ 70%]
tests/test_urlparse.py::test_trailing_dot_dns_stripped PASSED            [ 71%]
tests/test_urlparse.py::test_ipv4_literal_classified_as_ipv4 PASSED      [ 72%]
tests/test_urlparse.py::test_ipv6_literal_compressed PASSED              [ 73%]
tests/test_urlparse.py::test_mapped_ipv6_preserved_for_classifier PASSED [ 74%]
tests/test_urlparse.py::test_input_errors[-url.malformed] PASSED         [ 75%]
tests/test_urlparse.py::test_input_errors[   -url.malformed] PASSED      [ 75%]
tests/test_urlparse.py::test_input_errors[file:///etc/passwd-scheme.unsupported] PASSED [ 76%]
tests/test_urlparse.py::test_input_errors[ftp://1.2.3.4/-scheme.unsupported] PASSED [ 77%]
tests/test_urlparse.py::test_input_errors[gopher://x/-scheme.unsupported] PASSED [ 78%]
tests/test_urlparse.py::test_input_errors[http:///nohost-host.missing] PASSED [ 79%]
tests/test_urlparse.py::test_input_errors[http://user:pass@example.com/-userinfo.forbidden] PASSED [ 79%]
tests/test_urlparse.py::test_input_errors[http://169.254.169.254@example.com/-userinfo.forbidden] PASSED [ 80%]
tests/test_urlparse.py::test_input_errors[http://user@127.0.0.1/-userinfo.forbidden] PASSED [ 81%]
tests/test_urlparse.py::test_input_errors[http://2130706433/-host.integer_ip] PASSED [ 82%]
tests/test_urlparse.py::test_input_errors[http://0x7f000001/-host.integer_ip] PASSED [ 83%]
tests/test_urlparse.py::test_input_errors[http://0177.0.0.1/-host.ambiguous_numeric] PASSED [ 83%]
tests/test_urlparse.py::test_input_errors[http://127.1/-host.ambiguous_numeric] PASSED [ 84%]
tests/test_urlparse.py::test_input_errors[http://127.0.0.1\\@evil.com/-url.bad_character] PASSED [ 85%]
tests/test_urlparse.py::test_input_errors[http://exa mple.com/-url.bad_character] PASSED [ 86%]
tests/test_urlparse.py::test_input_errors[http://example.com:99999/-port.invalid] PASSED [ 87%]
tests/test_urlparse.py::test_input_errors[http://example.com:abc/-port.invalid] PASSED [ 87%]
tests/test_urlparse.py::test_input_errors[http://[not-ipv6]/-url.malformed] PASSED [ 88%]
tests/test_urlparse.py::test_input_errors[http://bad_label-.com/-host.invalid_label] PASSED [ 89%]
tests/test_urlparse.py::test_default_ports_per_scheme PASSED             [ 90%]
tests/test_urlparse.py::test_path_defaults_to_slash PASSED               [ 91%]
tests/test_webapi.py::test_health PASSED                                 [ 91%]
tests/test_webapi.py::test_fetch_success_200 PASSED                      [ 92%]
tests/test_webapi.py::test_fetch_policy_denied_403_with_chain PASSED     [ 93%]
tests/test_webapi.py::test_fetch_input_error_400 PASSED                  [ 94%]
tests/test_webapi.py::test_fetch_state_conflict_409 PASSED               [ 95%]
tests/test_webapi.py::test_fetch_resource_exhausted_508 PASSED           [ 95%]
tests/test_webapi.py::test_fetch_bad_url_is_400 PASSED                   [ 96%]
tests/test_webapi.py::test_runs_listing_get_and_verify PASSED            [ 97%]
tests/test_webapi.py::test_public_key_endpoint PASSED                    [ 98%]
tests/test_webapi.py::test_per_request_grants_do_not_leak_between_runs PASSED [ 99%]
tests/test_webapi.py::test_rebinding_script_does_not_leap_between_web_runs PASSED [100%]

=============================== warnings summary ===============================
.venv/lib/python3.12/site-packages/starlette/testclient.py:40
  /home/admin/Downloads/xinbiaozhu/opp274/b/.venv/lib/python3.12/site-packages/starlette/testclient.py:40: DeprecationWarning: The anyio.abc.BlockingPortal alias is deprecated, use anyio.from_thread.BlockingPortal instead.
    _PortalFactoryType = typing.Callable[[], typing.ContextManager[anyio.abc.BlockingPortal]]

-- Docs: https://docs.pytest.org/en/stable/how-to/capture-warnings.html
======================== 124 passed, 1 warning in 1.25s ========================
