.................................................................        [100%]
=============================== warnings summary ===============================
tests/test_api.py::test_health_reports_version_and_identity
  /home/admin/Downloads/xinbiaozhu/opp235/a/.venv/lib/python3.12/site-packages/fastapi/testclient.py:1: StarletteDeprecationWarning: Using `httpx` with `starlette.testclient` is deprecated; install `httpx2` instead.
    from starlette.testclient import TestClient as TestClient  # noqa

-- Docs: https://docs.pytest.org/en/stable/how-to/capture-warnings.html
65 passed, 1 warning in 5.55s
