{"detail": "local synthetic-data deployment", "event": "service.start"}
{"event": "redact.complete", "matches": 2, "request_id": "req_6578baa0ff18da08", "rule_profile": "standard", "rule_version": "standard-v1", "uncertain": 0}
{"event": "session.open", "request_id": "req_c5118d1acf0f61c8", "rule_profile": "standard", "rule_version": "standard-v1", "session_id": "sess_12011b0095bb1f6a037dd0fc"}
{"chunk_index": 1, "event": "session.chunk", "final": false, "matches": 0, "request_id": "req_4dc29430e28ccb23", "rule_profile": "standard", "rule_version": "standard-v1", "session_id": "sess_12011b0095bb1f6a037dd0fc", "uncertain": 0}
{"chunk_index": 2, "event": "session.chunk", "final": false, "matches": 0, "request_id": "req_563944ed3e52a683", "rule_profile": "standard", "rule_version": "standard-v1", "session_id": "sess_12011b0095bb1f6a037dd0fc", "uncertain": 0}
{"chunk_index": 3, "event": "session.chunk", "final": false, "matches": 0, "request_id": "req_d3a575429245c398", "rule_profile": "standard", "rule_version": "standard-v1", "session_id": "sess_12011b0095bb1f6a037dd0fc", "uncertain": 0}
{"chunk_index": 4, "event": "session.chunk", "final": false, "matches": 0, "request_id": "req_846b8aaa3b450de4", "rule_profile": "standard", "rule_version": "standard-v1", "session_id": "sess_12011b0095bb1f6a037dd0fc", "uncertain": 0}
{"chunk_index": 5, "event": "session.chunk", "final": false, "matches": 0, "request_id": "req_91d1798c00ca35d5", "rule_profile": "standard", "rule_version": "standard-v1", "session_id": "sess_12011b0095bb1f6a037dd0fc", "uncertain": 0}
{"chunk_index": 6, "event": "session.chunk", "final": false, "matches": 0, "request_id": "req_0471d59081c85a9d", "rule_profile": "standard", "rule_version": "standard-v1", "session_id": "sess_12011b0095bb1f6a037dd0fc", "uncertain": 0}
{"chunk_index": 7, "event": "session.chunk", "final": false, "matches": 0, "request_id": "req_f746779792e1e103", "rule_profile": "standard", "rule_version": "standard-v1", "session_id": "sess_12011b0095bb1f6a037dd0fc", "uncertain": 0}
{"chunk_index": 8, "event": "session.chunk", "final": false, "matches": 0, "request_id": "req_ebf5c91c3b6409e5", "rule_profile": "standard", "rule_version": "standard-v1", "session_id": "sess_12011b0095bb1f6a037dd0fc", "uncertain": 0}
{"chunk_index": 9, "event": "session.chunk", "final": false, "matches": 0, "request_id": "req_393ec6e1a92cdb0e", "rule_profile": "standard", "rule_version": "standard-v1", "session_id": "sess_12011b0095bb1f6a037dd0fc", "uncertain": 0}
{"chunk_index": 10, "event": "session.chunk", "final": false, "matches": 0, "request_id": "req_4dd81ddcbd25aa78", "rule_profile": "standard", "rule_version": "standard-v1", "session_id": "sess_12011b0095bb1f6a037dd0fc", "uncertain": 0}
{"chunk_index": 11, "event": "session.chunk", "final": false, "matches": 0, "request_id": "req_3f3e206cfde5d176", "rule_profile": "standard", "rule_version": "standard-v1", "session_id": "sess_12011b0095bb1f6a037dd0fc", "uncertain": 0}
{"chunk_index": 12, "event": "session.chunk", "final": false, "matches": 0, "request_id": "req_2e53fbe00439b72c", "rule_profile": "standard", "rule_version": "standard-v1", "session_id": "sess_12011b0095bb1f6a037dd0fc", "uncertain": 0}
{"chunk_index": 13, "event": "session.chunk", "final": false, "matches": 0, "request_id": "req_50412c6c3d609ef5", "rule_profile": "standard", "rule_version": "standard-v1", "session_id": "sess_12011b0095bb1f6a037dd0fc", "uncertain": 0}
{"chunk_index": 14, "event": "session.chunk", "final": false, "matches": 0, "request_id": "req_288773c173db85f4", "rule_profile": "standard", "rule_version": "standard-v1", "session_id": "sess_12011b0095bb1f6a037dd0fc", "uncertain": 0}
{"chunk_index": 15, "event": "session.chunk", "final": false, "matches": 0, "request_id": "req_513ac2c07b7b7858", "rule_profile": "standard", "rule_version": "standard-v1", "session_id": "sess_12011b0095bb1f6a037dd0fc", "uncertain": 0}
{"chunk_index": 16, "event": "session.chunk", "final": false, "matches": 0, "request_id": "req_cc29b09ef6bf943c", "rule_profile": "standard", "rule_version": "standard-v1", "session_id": "sess_12011b0095bb1f6a037dd0fc", "uncertain": 0}
{"chunk_index": 17, "event": "session.chunk", "final": false, "matches": 0, "request_id": "req_9fec8425189f12ef", "rule_profile": "standard", "rule_version": "standard-v1", "session_id": "sess_12011b0095bb1f6a037dd0fc", "uncertain": 0}
{"chunk_index": 18, "event": "session.chunk", "final": false, "matches": 0, "request_id": "req_52a49ada44574206", "rule_profile": "standard", "rule_version": "standard-v1", "session_id": "sess_12011b0095bb1f6a037dd0fc", "uncertain": 0}
{"chunk_index": 19, "event": "session.chunk", "final": false, "matches": 0, "request_id": "req_9c395184e0a906fa", "rule_profile": "standard", "rule_version": "standard-v1", "session_id": "sess_12011b0095bb1f6a037dd0fc", "uncertain": 0}
{"chunk_index": 20, "event": "session.chunk", "final": false, "matches": 0, "request_id": "req_ee01152cfb87e1c2", "rule_profile": "standard", "rule_version": "standard-v1", "session_id": "sess_12011b0095bb1f6a037dd0fc", "uncertain": 0}
{"chunk_index": 21, "event": "session.chunk", "final": false, "matches": 0, "request_id": "req_f898a10ae1c9fb31", "rule_profile": "standard", "rule_version": "standard-v1", "session_id": "sess_12011b0095bb1f6a037dd0fc", "uncertain": 0}
{"chunk_index": 22, "event": "session.chunk", "final": false, "matches": 0, "request_id": "req_ce4dfdd65e3e4433", "rule_profile": "standard", "rule_version": "standard-v1", "session_id": "sess_12011b0095bb1f6a037dd0fc", "uncertain": 0}
{"chunk_index": 23, "event": "session.chunk", "final": true, "matches": 2, "request_id": "req_a2dbe6bdf7964e56", "rule_profile": "standard", "rule_version": "standard-v1", "session_id": "sess_12011b0095bb1f6a037dd0fc", "uncertain": 0}
{"event": "redact.complete", "matches": 1, "request_id": "req_bdbfa376b551ea29", "rule_profile": "standard", "rule_version": "standard-v1", "uncertain": 0}
{"event": "redact.complete", "matches": 2, "request_id": "req_77be527a2655bbe9", "rule_profile": "standard", "rule_version": "standard-v1", "uncertain": 0}
{"event": "redact.complete", "matches": 0, "request_id": "req_bd37ed2d80f834ea", "rule_profile": "standard", "rule_version": "standard-v1", "uncertain": 0}
{"event": "redact.complete", "matches": 1, "request_id": "req_3559ddd5ab259e1d", "rule_profile": "strict", "rule_version": "strict-v1", "uncertain": 0}
{"event": "redact.complete", "matches": 0, "request_id": "req_db3587763e25889b", "rule_profile": "strict", "rule_version": "strict-v1", "uncertain": 1}
{"detail": "invalid audit key", "error_category": "audit_access_denied", "event": "request.failed", "request_id": "req_04306bf7487fe4f8", "session_id": null, "status_code": 403}
{"event": "session.open", "request_id": "req_f2ee24161a78497e", "rule_profile": "standard", "rule_version": "standard-v1", "session_id": "sess_b0cb761da8f2203353e719df"}
{"detail": "session pinned to 'standard-v1'; cannot switch to 'strict-v1' mid-stream", "error_category": "profile_conflict", "event": "request.failed", "request_id": "req_dd448086707705b4", "session_id": null, "status_code": 409}
