{"time":"2026-09-28T16:16:05.888761737+08:00","level":"INFO","msg":"http_listening","addr":"127.0.0.1:40217","tick_interval":"1m0s"}
{"time":"2026-09-28T16:16:05.981013966+08:00","level":"INFO","msg":"sample_ingested","request_id":"req-4a7e09b93ec99389","instance":"ins-0001","metric":"requests_per_second","value":200,"observed_age":0}
{"time":"2026-09-28T16:16:05.981549822+08:00","level":"INFO","msg":"sample_ingested","request_id":"req-dea7068fcebb5c1a","instance":"ins-0002","metric":"requests_per_second","value":200,"observed_age":0}
{"time":"2026-09-28T16:16:05.982039679+08:00","level":"INFO","msg":"sample_ingested","request_id":"req-0fd039b7389ef5ab","instance":"ins-0003","metric":"requests_per_second","value":200,"observed_age":0}
{"time":"2026-09-28T16:16:05.983335083+08:00","level":"INFO","msg":"reconcile_complete","request_id":"req-load-step-step-up-to-6-1790583365982186279","tick_at":"2026-09-28T08:16:05.982360955Z","action":"scale_up","current":3,"desired":6,"applied":6,"config_version":1,"config_revision":1,"location":"internal/controller.Reconcile","fresh":3,"stale":0,"missing":0}
{"time":"2026-09-28T16:16:05.983601466+08:00","level":"INFO","msg":"shutdown"}
{"time":"2026-09-28T16:16:05.997426944+08:00","level":"INFO","msg":"http_listening","addr":"127.0.0.1:36083","tick_interval":"1m0s"}
{"time":"2026-09-28T16:16:06.089887499+08:00","level":"INFO","msg":"sample_ingested","request_id":"req-828d8cc0c4499cd4","instance":"ins-0001","metric":"requests_per_second","value":500,"observed_age":0}
{"time":"2026-09-28T16:16:06.090345902+08:00","level":"INFO","msg":"sample_ingested","request_id":"req-2242c9c8f174daea","instance":"ins-0002","metric":"requests_per_second","value":500,"observed_age":0}
{"time":"2026-09-28T16:16:06.091433018+08:00","level":"INFO","msg":"reconcile_complete","request_id":"req-rate-cap-rate-capped-4-1790583366090490944","tick_at":"2026-09-28T08:16:06.09057449Z","action":"scale_up","current":2,"desired":4,"applied":4,"config_version":1,"config_revision":1,"location":"internal/controller.Reconcile","fresh":2,"stale":0,"missing":0,"reason:SCALE_UP_RATE_LIMITED":"formula desired 10 but one-tick ceiling is 4 (factor 2.0x + max-delta 4 from current 2)"}
{"time":"2026-09-28T16:16:06.091686687+08:00","level":"INFO","msg":"shutdown"}
{"time":"2026-09-28T16:16:06.104749947+08:00","level":"INFO","msg":"http_listening","addr":"127.0.0.1:46671","tick_interval":"1m0s"}
{"time":"2026-09-28T16:16:06.197580135+08:00","level":"INFO","msg":"sample_ingested","request_id":"req-ecdfb04a3d7dc3b2","instance":"ins-0001","metric":"requests_per_second","value":10,"observed_age":0}
{"time":"2026-09-28T16:16:06.198025021+08:00","level":"INFO","msg":"sample_ingested","request_id":"req-e6a9bbe99498426c","instance":"ins-0003","metric":"requests_per_second","value":10,"observed_age":0}
{"time":"2026-09-28T16:16:06.198846558+08:00","level":"INFO","msg":"reconcile_complete","request_id":"req-missing-instance-missing-hold-1790583366198126290","tick_at":"2026-09-28T08:16:06.198203333Z","action":"none","current":3,"desired":3,"applied":3,"config_version":1,"config_revision":1,"location":"internal/controller.Reconcile","fresh":2,"stale":0,"missing":1,"reason:MISSING_INSTANCE_BLOCKS_DOWNSCALE":"1 unreported instance(s); formula suggested 1, downscale refused; holding at 3","reason:DESIRED_EQUALS_CURRENT":"computed desired count equals current count 3","uncertainty":"missing-instances-assumed-target-load","uncertainty":"aggregation-based-on-partial-fresh-coverage"}
{"time":"2026-09-28T16:16:06.199109038+08:00","level":"INFO","msg":"shutdown"}
{"time":"2026-09-28T16:16:06.211672648+08:00","level":"INFO","msg":"http_listening","addr":"127.0.0.1:42309","tick_interval":"1m0s"}
{"time":"2026-09-28T16:16:06.304294634+08:00","level":"INFO","msg":"sample_ingested","request_id":"req-c8002ae7800b1402","instance":"ins-0001","metric":"requests_per_second","value":900,"observed_age":5000000000}
{"time":"2026-09-28T16:16:06.304749283+08:00","level":"INFO","msg":"sample_ingested","request_id":"req-ec171efa30fc37b5","instance":"ins-0002","metric":"requests_per_second","value":900,"observed_age":5000000000}
{"time":"2026-09-28T16:16:06.305171789+08:00","level":"INFO","msg":"sample_ingested","request_id":"req-6b330860fd0e87df","instance":"ins-0003","metric":"requests_per_second","value":900,"observed_age":5000000000}
{"time":"2026-09-28T16:16:06.305940977+08:00","level":"INFO","msg":"reconcile_complete","request_id":"req-delayed-stale-stale-hold-1790583366305298213","tick_at":"2026-09-28T08:16:06.3053863Z","action":"none","current":3,"desired":3,"applied":3,"config_version":1,"config_revision":1,"location":"internal/controller.Reconcile","fresh":0,"stale":3,"missing":0,"reason:ALL_METRICS_STALE_HOLD":"no fresh sample for any of 3 instances; expired metrics cannot trigger scale up; holding at 3","reason:STALE_INSTANCES_PRESENT":"3 instance(s) reported only expired samples","uncertainty":"stale-reports-excluded-from-aggregation"}
{"time":"2026-09-28T16:16:06.306182586+08:00","level":"INFO","msg":"shutdown"}
{"time":"2026-09-28T16:16:06.318302964+08:00","level":"INFO","msg":"http_listening","addr":"127.0.0.1:33643","tick_interval":"1m0s"}
{"time":"2026-09-28T16:16:06.411476729+08:00","level":"INFO","msg":"sample_ingested","request_id":"req-5480e509ce80428c","instance":"ins-0001","metric":"requests_per_second","value":300,"observed_age":0}
{"time":"2026-09-28T16:16:06.411974479+08:00","level":"INFO","msg":"sample_ingested","request_id":"req-85d4484ec5a13b33","instance":"ins-0002","metric":"requests_per_second","value":300,"observed_age":0}
{"time":"2026-09-28T16:16:06.41239893+08:00","level":"INFO","msg":"sample_ingested","request_id":"req-cce964b0b856ecee","instance":"ins-0003","metric":"requests_per_second","value":300,"observed_age":0}
{"time":"2026-09-28T16:16:06.413502186+08:00","level":"INFO","msg":"reconcile_complete","request_id":"req-short-spike-and-restart-spike-up-6-1790583366412549365","tick_at":"2026-09-28T08:16:06.412625203Z","action":"scale_up","current":3,"desired":6,"applied":6,"config_version":1,"config_revision":1,"location":"internal/controller.Reconcile","fresh":3,"stale":0,"missing":0,"reason:SCALE_UP_RATE_LIMITED":"formula desired 9 but one-tick ceiling is 6 (factor 2.0x + max-delta 4 from current 3)"}
{"time":"2026-09-28T16:16:06.413897174+08:00","level":"INFO","msg":"sample_ingested","request_id":"req-ad19149c2d325e5c","instance":"ins-0001","metric":"requests_per_second","value":10,"observed_age":0}
{"time":"2026-09-28T16:16:06.414265158+08:00","level":"INFO","msg":"sample_ingested","request_id":"req-9c6037115a51d7b5","instance":"ins-0002","metric":"requests_per_second","value":10,"observed_age":0}
{"time":"2026-09-28T16:16:06.414651474+08:00","level":"INFO","msg":"sample_ingested","request_id":"req-3408bf52079f8915","instance":"ins-0003","metric":"requests_per_second","value":10,"observed_age":0}
{"time":"2026-09-28T16:16:06.415083451+08:00","level":"INFO","msg":"sample_ingested","request_id":"req-61ad61f994d9548a","instance":"ins-0004","metric":"requests_per_second","value":10,"observed_age":0}
{"time":"2026-09-28T16:16:06.415439044+08:00","level":"INFO","msg":"sample_ingested","request_id":"req-b33f9b963bbbd6b4","instance":"ins-0005","metric":"requests_per_second","value":10,"observed_age":0}
{"time":"2026-09-28T16:16:06.415770859+08:00","level":"INFO","msg":"sample_ingested","request_id":"req-f8930f3ddb589220","instance":"ins-0006","metric":"requests_per_second","value":10,"observed_age":0}
{"time":"2026-09-28T16:16:06.416643177+08:00","level":"INFO","msg":"reconcile_complete","request_id":"req-short-spike-and-restart-dip-hold-6-1790583366415856223","tick_at":"2026-09-28T08:16:06.415958122Z","action":"none","current":6,"desired":6,"applied":6,"config_version":1,"config_revision":1,"location":"internal/controller.Reconcile","fresh":6,"stale":0,"missing":0,"reason:CLAMPED_TO_MIN_REPLICAS":"recommendation floored to min_replicas=1","reason:DOWNSCALE_FIRST_OBSERVATION_DEFER":"first below-target reading (1); deferring shrink until it persists for 3s"}
{"time":"2026-09-28T16:16:09.617435272+08:00","level":"INFO","msg":"sample_ingested","request_id":"req-fdd124dc27a81169","instance":"ins-0001","metric":"requests_per_second","value":10,"observed_age":0}
{"time":"2026-09-28T16:16:09.617915456+08:00","level":"INFO","msg":"sample_ingested","request_id":"req-37b8ea3c069162a0","instance":"ins-0002","metric":"requests_per_second","value":10,"observed_age":0}
{"time":"2026-09-28T16:16:09.61834481+08:00","level":"INFO","msg":"sample_ingested","request_id":"req-a85a29df952f2ddf","instance":"ins-0003","metric":"requests_per_second","value":10,"observed_age":0}
{"time":"2026-09-28T16:16:09.618727716+08:00","level":"INFO","msg":"sample_ingested","request_id":"req-dcc255d0e0cdfbd6","instance":"ins-0004","metric":"requests_per_second","value":10,"observed_age":0}
{"time":"2026-09-28T16:16:09.619082369+08:00","level":"INFO","msg":"sample_ingested","request_id":"req-69e78e5aef1ce74c","instance":"ins-0005","metric":"requests_per_second","value":10,"observed_age":0}
{"time":"2026-09-28T16:16:09.619479269+08:00","level":"INFO","msg":"sample_ingested","request_id":"req-bff19c2dfddd6bed","instance":"ins-0006","metric":"requests_per_second","value":10,"observed_age":0}
{"time":"2026-09-28T16:16:09.620565887+08:00","level":"INFO","msg":"reconcile_complete","request_id":"req-short-spike-and-restart-shrink-to-1-1790583369619585126","tick_at":"2026-09-28T08:16:09.619658403Z","action":"scale_down","current":6,"desired":1,"applied":1,"config_version":1,"config_revision":1,"location":"internal/controller.Reconcile","fresh":6,"stale":0,"missing":0,"reason:CLAMPED_TO_MIN_REPLICAS":"recommendation floored to min_replicas=1"}
{"time":"2026-09-28T16:16:09.620826475+08:00","level":"INFO","msg":"shutdown"}
{"time":"2026-09-28T16:16:09.629510546+08:00","level":"INFO","msg":"http_listening","addr":"127.0.0.1:33643","tick_interval":"1m0s"}
{"time":"2026-09-28T16:16:09.727947364+08:00","level":"INFO","msg":"sample_ingested","request_id":"req-bf455d3f4a875db8","instance":"ins-0001","metric":"requests_per_second","value":300,"observed_age":0}
{"time":"2026-09-28T16:16:09.729067969+08:00","level":"INFO","msg":"reconcile_complete","request_id":"req-short-spike-and-restart-post-restart-grow-1790583369728066452","tick_at":"2026-09-28T08:16:09.728159528Z","action":"scale_up","current":1,"desired":2,"applied":2,"config_version":1,"config_revision":1,"location":"internal/controller.Reconcile","fresh":1,"stale":0,"missing":0,"reason:SCALE_UP_RATE_LIMITED":"formula desired 3 but one-tick ceiling is 2 (factor 2.0x + max-delta 4 from current 1)"}
{"time":"2026-09-28T16:16:09.729596306+08:00","level":"INFO","msg":"shutdown"}
{"time":"2026-09-28T16:16:09.742540119+08:00","level":"INFO","msg":"http_listening","addr":"127.0.0.1:32977","tick_interval":"1m0s"}
{"time":"2026-09-28T16:16:09.834479019+08:00","level":"INFO","msg":"reconcile_complete","request_id":"req-scale-from-zero-zero-no-demand-1790583369833480779","tick_at":"2026-09-28T08:16:09.833703963Z","action":"none","current":0,"desired":0,"applied":0,"config_version":1,"config_revision":1,"location":"internal/controller.Reconcile","fresh":0,"stale":0,"missing":0,"reason:ZERO_NO_FRESH_DEMAND":"no demand report received; holding at 0"}
{"time":"2026-09-28T16:16:09.834920541+08:00","level":"INFO","msg":"demand_ingested","request_id":"req-6d7a7228567a5598","pending":4}
{"time":"2026-09-28T16:16:09.835568261+08:00","level":"INFO","msg":"reconcile_complete","request_id":"req-scale-from-zero-zero-expired-demand-1790583369835024050","tick_at":"2026-09-28T08:16:09.835103483Z","action":"none","current":0,"desired":0,"applied":0,"config_version":1,"config_revision":1,"location":"internal/controller.Reconcile","fresh":0,"stale":0,"missing":0,"reason:ZERO_NO_FRESH_DEMAND":"demand report expired (age 5s > 3s); holding at 0"}
{"time":"2026-09-28T16:16:09.83597143+08:00","level":"INFO","msg":"demand_ingested","request_id":"req-02d1910a844d0cf3","pending":7}
{"time":"2026-09-28T16:16:09.836833909+08:00","level":"INFO","msg":"reconcile_complete","request_id":"req-scale-from-zero-zero-bootstrap-1790583369836081992","tick_at":"2026-09-28T08:16:09.83617037Z","action":"scale_up","current":0,"desired":1,"applied":1,"config_version":1,"config_revision":1,"location":"internal/controller.Reconcile","fresh":0,"stale":0,"missing":0,"reason:ZERO_BOOTSTRAPPED":"fresh demand of 7 pending work item(s) at zero replicas; bootstrapping to 1"}
{"time":"2026-09-28T16:16:09.837050646+08:00","level":"INFO","msg":"shutdown"}
