== run_id: run-1790527928 ==
### GET /healthz -> 200 (want 200)
{"status":"ok"}
### POST /monitors -> 200 (want 200)
{"data":{"monitor_id":"walkthrough","status":{"active_epoch":0,"closed":false,"epochs":["v1"],"global_verdict":"sat","monitor_id":"walkthrough","next_step":0,"obligations_pending":0,"obligations_total":0,"run_id":"run-1790527928","version":"v1"}},"run_id":"run-1790527928"}
### POST /monitors -> 409 (want 409)
{"error":{"code":"MONITOR_EXISTS","category":"state","message":"monitor \"walkthrough\" already exists","run_id":"run-1790527928"}}
### POST /monitors -> 400 (want 400)
{"error":{"code":"MALFORMED_JSON","category":"input","message":"invalid JSON body: key must be a string at line 1 column 2","run_id":"run-1790527928"}}
### POST /monitors -> 400 (want 400)
{"error":{"code":"BAD_WINDOW","category":"input","message":"rule \"r\": after>=0 and within/duration>=1 required","run_id":"run-1790527928"}}
### GET /monitors/does-not-exist -> 404 (want 404)
{"error":{"code":"NOT_FOUND","category":"not_found","message":"monitor \"does-not-exist\" not found","run_id":"run-1790527928"}}
### POST /monitors/walkthrough/events -> 200 (want 200)
{"data":{"results":[{"epoch":0,"satisfied":[],"spawned":["0:pay_after_order:0"],"step":0,"verdict":"wait","version":"v1","violated":[]}]},"run_id":"run-1790527928"}
### POST /monitors/walkthrough/events -> 200 (want 200)
{"data":{"results":[{"epoch":0,"satisfied":[],"spawned":["0:temp_safe_after_arm:1"],"step":1,"verdict":"wait","version":"v1","violated":[]}]},"run_id":"run-1790527928"}
### POST /monitors/walkthrough/events -> 200 (want 200)
{"data":{"results":[{"epoch":0,"satisfied":[{"at":2,"obligation_id":"0:pay_after_order:0","reason":"fulfilled","rule_id":"pay_after_order"}],"spawned":["0:receipt_after_payment:2"],"step":2,"verdict":"wait","version":"v1","violated":[]}]},"run_id":"run-1790527928"}
### POST /monitors/walkthrough/events -> 200 (want 200)
{"data":{"results":[{"epoch":0,"satisfied":[{"at":3,"obligation_id":"0:receipt_after_payment:2","reason":"fulfilled","rule_id":"receipt_after_payment"},{"at":3,"obligation_id":"0:temp_safe_after_arm:1","reason":"fulfilled","rule_id":"temp_safe_after_arm"}],"spawned":[],"step":3,"verdict":"sat","version":"v1","violated":[]}]},"run_id":"run-1790527928"}
### POST /monitors/walkthrough/events -> 400 (want 400)
{"error":{"code":"EMPTY_EVENT","category":"input","message":"event must carry at least one attribute","run_id":"run-1790527928"}}
### POST /monitors/walkthrough/events -> 409 (want 409)
{"error":{"code":"STEP_REGRESSED","category":"state","message":"event step 0 already passed; next expected is 4","run_id":"run-1790527928"}}
### GET /monitors/walkthrough/obligations -> 200 (want 200)
{"data":{"obligations":[{"epoch":0,"failed_at":null,"id":"0:pay_after_order:0","kind":"response","reason":"fulfilled","rule_id":"pay_after_order","satisfied_at":2,"status":"satisfied","trigger_step":0,"window_end":2,"window_start":0},{"epoch":0,"failed_at":null,"id":"0:temp_safe_after_arm:1","kind":"sustain","reason":"fulfilled","rule_id":"temp_safe_after_arm","satisfied_at":3,"status":"satisfied","trigger_step":1,"window_end":3,"window_start":1},{"epoch":0,"failed_at":null,"id":"0:receipt_after_payment:2","kind":"response","reason":"fulfilled","rule_id":"receipt_after_payment","satisfied_at":3,"status":"satisfied","trigger_step":2,"window_end":4,"window_start":3}]},"run_id":"run-1790527928"}
### GET /monitors/walkthrough/rules -> 200 (want 200)
{"data":{"rules":[{"epoch":0,"instances":[{"failed_at":null,"obligation_id":"0:pay_after_order:0","reason":"fulfilled","satisfied_at":2,"status":"satisfied","trigger_step":0,"window":[0,2]}],"kind":"response","rule_id":"pay_after_order","verdict":"sat","version":"v1"},{"epoch":0,"instances":[{"failed_at":null,"obligation_id":"0:receipt_after_payment:2","reason":"fulfilled","satisfied_at":3,"status":"satisfied","trigger_step":2,"window":[3,4]}],"kind":"response","rule_id":"receipt_after_payment","verdict":"sat","version":"v1"},{"epoch":0,"instances":[{"failed_at":null,"obligation_id":"0:temp_safe_after_arm:1","reason":"fulfilled","satisfied_at":3,"status":"satisfied","trigger_step":1,"window":[1,3]}],"kind":"sustain","rule_id":"temp_safe_after_arm","verdict":"sat","version":"v1"}]},"run_id":"run-1790527928"}
### GET /monitors/walkthrough/decisions?limit=5 -> 200 (want 200)
{"data":{"count":5,"decisions":[{"detail":{"epoch":0,"kind":"response","trigger_step":2,"window":[3,4]},"epoch":0,"hash":"b6fda5232700d3ca89bff2aad0f9d3ec67bafe04e2d4dcba6aa85d6ddb4caef3","obligation_id":"0:receipt_after_payment:2","prev_hash":"5125a4d8f35be41b5570a760d1371674721e74dcc9e327776bd2602e7070b458","rule_id":"receipt_after_payment","run_id":"run-1790527928","seq":5,"step":2,"type":"obligation_spawned"},{"detail":{"at":2},"epoch":0,"hash":"2aef5cf736c8656593fc05bfaccf3fd4f1dcec299effe4da8e231e79ddbb1ef5","obligation_id":"0:pay_after_order:0","prev_hash":"b6fda5232700d3ca89bff2aad0f9d3ec67bafe04e2d4dcba6aa85d6ddb4caef3","rule_id":"pay_after_order","run_id":"run-1790527928","seq":6,"step":2,"type":"obligation_satisfied"},{"detail":{"event":{"kind":"receipt","temp":72}},"epoch":0,"hash":"d71fe783509eed2021cea33db196308bb3988800ce479c43f2abd7d814ec639b","obligation_id":null,"prev_hash":"2aef5cf736c8656593fc05bfaccf3fd4f1dcec299effe4da8e231e79ddbb1ef5","rule_id":null,"run_id":"run-1790527928","seq":7,"step":3,"type":"event"},{"detail":{"at":3},"epoch":0,"hash":"d2a55d72a6306497845f4c3c0204d3e3fbe25028536ed3a83590be0fe0df1686","obligation_id":"0:receipt_after_payment:2","prev_hash":"d71fe783509eed2021cea33db196308bb3988800ce479c43f2abd7d814ec639b","rule_id":"receipt_after_payment","run_id":"run-1790527928","seq":8,"step":3,"type":"obligation_satisfied"},{"detail":{"at":3},"epoch":0,"hash":"5b48ffcd47b8f3dc7218c6898d3eb439d8e69e478ef0e7f585c22f5385d91ece","obligation_id":"0:temp_safe_after_arm:1","prev_hash":"d2a55d72a6306497845f4c3c0204d3e3fbe25028536ed3a83590be0fe0df1686","rule_id":"temp_safe_after_arm","run_id":"run-1790527928","seq":9,"step":3,"type":"obligation_satisfied"}]},"run_id":"run-1790527928"}
### POST /monitors/walkthrough/verify -> 200 (want 200)
{"data":{"digest":"f044c7d7bc5baadce58552241baec6264bf16218b6d8c00f0841e01214374ce6","entries":10,"global_verdict":"sat","obligations":3,"verified":true},"run_id":"run-1790527928"}
### GET /monitors/walkthrough/snapshot -> 200 (want 200)
{"data":{"active_epoch":0,"closed":false,"decisions":[{"detail":{"event":{"kind":"order"}},"epoch":0,"hash":"bcabfc00c87c34df4c804dd1ff3187e28cf8c3a8c311987bbe48f199792b8236","obligation_id":null,"prev_hash":"GENESIS","rule_id":null,"run_id":"run-1790527928","seq":0,"step":0,"type":"event"},{"detail":{"epoch":0,"kind":"response","trigger_step":0,"window":[0,2]},"epoch":0,"hash":"ad5be9602ad4ea21a9983096c06ded3fb2af5d65beebfe3e4f17b9b6e473b40b","obligation_id":"0:pay_after_order:0","prev_hash":"bcabfc00c87c34df4c804dd1ff3187e28cf8c3a8c311987bbe48f199792b8236","rule_id":"pay_after_order","run_id":"run-1790527928","seq":1,"step":0,"type":"obligation_spawned"},{"detail":{"event":{"kind":"arm","temp":70}},"epoch":0,"hash":"a18d5ce7940dc5f3ec283fafeda4772f7c16a6747fea72a4158c4b38af2f108e","obligation_id":null,"prev_hash":"ad5be9602ad4ea21a9983096c06ded3fb2af5d65beebfe3e4f17b9b6e473b40b","rule_id":null,"run_id":"run-1790527928","seq":2,"step":1,"type":"event"},{"detail":{"epoch":0,"kind":"sustain","trigger_step":1,"window":[1,3]},"epoch":0,"hash":"53624c30d55402ed536abc29b38f96c2bae1c7a6dc5afc1e447f84bed2d1eac6","obligation_id":"0:temp_safe_after_arm:1","prev_hash":"a18d5ce7940dc5f3ec283fafeda4772f7c16a6747fea72a4158c4b38af2f108e","rule_id":"temp_safe_after_arm","run_id":"run-1790527928","seq":3,"step":1,"type":"obligation_spawned"},{"detail":{"event":{"kind":"payment","temp":71}},"epoch":0,"hash":"5125a4d8f35be41b5570a760d1371674721e74dcc9e327776bd2602e7070b458","obligation_id":null,"prev_hash":"53624c30d55402ed536abc29b38f96c2bae1c7a6dc5afc1e447f84bed2d1eac6","rule_id":null,"run_id":"run-1790527928","seq":4,"step":2,"type":"event"},{"detail":{"epoch":0,"kind":"response","trigger_step":2,"window":[3,4]},"epoch":0,"hash":"b6fda5232700d3ca89bff2aad0f9d3ec67bafe04e2d4dcba6aa85d6ddb4caef3","obligation_id":"0:receipt_after_payment:2","prev_hash":"5125a4d8f35be41b5570a760d1371674721e74dcc9e327776bd2602e7070b458","rule_id":"receipt_after_payment","run_id":"run-1790527928","seq":5,"step":2,"type":"obligation_spawned"},{"detail":{"at":2},"epoch":0,"hash":"2aef5cf736c8656593fc05bfaccf3fd4f1dcec299effe4da8e231e79ddbb1ef5","obligation_id":"0:pay_after_order:0","prev_hash":"b6fda5232700d3ca89bff2aad0f9d3ec67bafe04e2d4dcba6aa85d6ddb4caef3","rule_id":"pay_after_order","run_id":"run-1790527928","seq":6,"step":2,"type":"obligation_satisfied"},{"detail":{"event":{"kind":"receipt","temp":72}},"epoch":0,"hash":"d71fe783509eed2021cea33db196308bb3988800ce479c43f2abd7d814ec639b","obligation_id":null,"prev_hash":"2aef5cf736c8656593fc05bfaccf3fd4f1dcec299effe4da8e231e79ddbb1ef5","rule_id":null,"run_id":"run-1790527928","seq":7,"step":3,"type":"event"},{"detail":{"at":3},"epoch":0,"hash":"d2a55d72a6306497845f4c3c0204d3e3fbe25028536ed3a83590be0fe0df1686","obligation_id":"0:receipt_after_payment:2","prev_hash":"d71fe783509eed2021cea33db196308bb3988800ce479c43f2abd7d814ec639b","rule_id":"receipt_after_payment","run_id":"run-1790527928","seq":8,"step":3,"type":"obligation_satisfied"},{"detail":{"at":3},"epoch":0,"hash":"5b48ffcd47b8f3dc7218c6898d3eb439d8e69e478ef0e7f585c22f5385d91ece","obligation_id":"0:temp_safe_after_arm:1","prev_hash":"d2a55d72a6306497845f4c3c0204d3e3fbe25028536ed3a83590be0fe0df1686","rule_id":"temp_safe_after_arm","run_id":"run-1790527928","seq":9,"step":3,"type":"obligation_satisfied"}],"digest":"f044c7d7bc5baadce58552241baec6264bf16218b6d8c00f0841e01214374ce6","limits":{"max_active_obligations":64,"max_epochs":8,"max_log_bytes":1048576},"log_bytes":3279,"monitor_id":"walkthrough","next_seq":10,"next_step":4,"obligations":[{"epoch":0,"failed_at":null,"id":"0:pay_after_order:0","kind":"response","reason":"fulfilled","rule_id":"pay_after_order","satisfied_at":2,"status":"satisfied","trigger_step":0,"window_end":2,"window_start":0},{"epoch":0,"failed_at":null,"id":"0:temp_safe_after_arm:1","kind":"sustain","reason":"fulfilled","rule_id":"temp_safe_after_arm","satisfied_at":3,"status":"satisfied","trigger_step":1,"window_end":3,"window_start":1},{"epoch":0,"failed_at":null,"id":"0:receipt_after_payment:2","kind":"response","reason":"fulfilled","rule_id":"receipt_after_payment","satisfied_at":3,"status":"satisfied","trigger_step":2,"window_end":4,"window_start":3}],"rulesets":[{"response":[{"after":0,"id":"pay_after_order","on_close":"strict","response":{"field":"kind","op":"eq","value":"payment"},"satisfy":"all","trigger":{"all":[{"field":"kind","op":"eq","value":"order"}]},"within":3},{"after":1,"id":"receipt_after_payment","on_close":"lenient","response":{"field":"kind","op":"eq","value":"receipt"},"satisfy":"one","trigger":{"all":[{"field":"kind","op":"eq","value":"payment"}]},"within":2}],"sustain":[{"after":0,"duration":3,"id":"temp_safe_after_arm","on_close":"strict","sustain":{"all":[{"field":"temp","op":"lt","value":80}]},"trigger":{"all":[{"field":"kind","op":"eq","value":"arm"}]}}],"version":"v1"}],"run_id":"run-1790527928"},"run_id":"run-1790527928"}
### POST /monitors/walkthrough/rotate -> 200 (want 200)
{"data":{"new_epoch":1,"sealed":0,"verdict":"sat","version":"v2"},"run_id":"run-1790527928"}
### POST /monitors/walkthrough/rotate -> 400 (want 400)
{"error":{"code":"SAME_VERSION","category":"input","message":"rotated ruleset must have a different version","run_id":"run-1790527928"}}
### POST /monitors/walkthrough/end -> 200 (want 200)
{"data":{"last_step":3,"sealed":0,"verdict":"sat"},"run_id":"run-1790527928"}
### POST /monitors/walkthrough/events -> 409 (want 409)
{"error":{"code":"MONITOR_CLOSED","category":"state","message":"trace already ended; no more events accepted","run_id":"run-1790527928"}}
### POST /monitors -> 200 (want 200)
{"data":{"monitor_id":"cap","status":{"active_epoch":0,"closed":false,"epochs":["cap-v1"],"global_verdict":"sat","monitor_id":"cap","next_step":0,"obligations_pending":0,"obligations_total":0,"run_id":"run-1790527928","version":"cap-v1"}},"run_id":"run-1790527928"}
### POST /monitors/cap/events -> 200 (want 200)
{"data":{"results":[{"epoch":0,"satisfied":[],"spawned":["0:r:0"],"step":0,"verdict":"wait","version":"cap-v1","violated":[]}]},"run_id":"run-1790527928"}
### POST /monitors/cap/events -> 507 (want 507)
{"error":{"code":"OBLIGATION_LIMIT","category":"resource","message":"active obligation limit (1) reached; close or rotate to release","run_id":"run-1790527928"}}
== assertions: pass=33 fail=0 ==
