== run_id: run-1790527928 ==
### GET /healthz -> 200 (want 200)
### POST /monitors -> 200 (want 200)
### POST /monitors -> 409 (want 409)
### POST /monitors -> 400 (want 400)
### POST /monitors -> 400 (want 400)
### GET /monitors/does-not-exist -> 404 (want 404)
### POST /monitors/walkthrough/events -> 200 (want 200)
### POST /monitors/walkthrough/events -> 200 (want 200)
### POST /monitors/walkthrough/events -> 200 (want 200)
### POST /monitors/walkthrough/events -> 200 (want 200)
### POST /monitors/walkthrough/events -> 400 (want 400)
### POST /monitors/walkthrough/events -> 409 (want 409)
### GET /monitors/walkthrough/obligations -> 200 (want 200)
### GET /monitors/walkthrough/rules -> 200 (want 200)
### GET /monitors/walkthrough/decisions?limit=5 -> 200 (want 200)
### POST /monitors/walkthrough/verify -> 200 (want 200)
### GET /monitors/walkthrough/snapshot -> 200 (want 200)
### POST /monitors/walkthrough/rotate -> 200 (want 200)
### POST /monitors/walkthrough/rotate -> 400 (want 400)
### POST /monitors/walkthrough/end -> 200 (want 200)
### POST /monitors/walkthrough/events -> 409 (want 409)
### POST /monitors -> 200 (want 200)
### POST /monitors/cap/events -> 200 (want 200)
### POST /monitors/cap/events -> 507 (want 507)

== assertions: pass=33 fail=0 ==
