2026-09-27T17:22:58.537232Z  INFO configuration loaded config_path=/tmp/wm-verify.toml listen=127.0.0.1:18099 data_dir=./data
2026-09-27T17:22:58.537290Z  INFO no persisted indexes found, starting empty
2026-09-27T17:22:58.537366Z  INFO listening addr=127.0.0.1:18099 service="wavelet-matrix-service" version="0.1.0"
2026-09-27T17:23:28.444252Z  INFO create_index: request received request_id=verify-02-create index=demo n=8
2026-09-27T17:23:28.444280Z  INFO create_index: kernel built request_id=verify-02-create index=demo len=8 distinct=6 height=3
2026-09-27T17:23:28.444359Z  INFO create_index: persisted to filesystem request_id=verify-02-create index=demo path=./data/demo.wmx bytes=164
2026-09-27T17:23:28.451621Z  INFO create_index: request received request_id=req-61e0589125fa4be49d848be77827bc8a index=extremes n=6
2026-09-27T17:23:28.451641Z  INFO create_index: kernel built request_id=req-61e0589125fa4be49d848be77827bc8a index=extremes len=6 distinct=5 height=3
2026-09-27T17:23:28.451695Z  INFO create_index: persisted to filesystem request_id=req-61e0589125fa4be49d848be77827bc8a index=extremes path=./data/extremes.wmx bytes=156
2026-09-27T17:23:28.458328Z  INFO query handled by kernel request_id=verify-04-kth index=demo op=kth_smallest l=0 r=8 result={"k":3,"l":0,"op":"kth_smallest","r":8,"value":1}
2026-09-27T17:23:28.464670Z  INFO query handled by kernel request_id=req-e8c3a766b36c4fbf9d94cccea004707d index=demo op=count_lt l=0 r=8 result={"bound":8,"count":7,"l":0,"op":"count_lt","r":8}
2026-09-27T17:23:28.471178Z  INFO query handled by kernel request_id=req-13a1ef1a7f8e4d269049da0542f8b840 index=demo op=count_range l=0 r=8 result={"count":5,"hi":8,"l":0,"lo":0,"op":"count_range","r":8}
2026-09-27T17:23:28.477342Z  INFO query handled by kernel request_id=req-0241f652644b4b309d41a5d78ece9180 index=demo op=predecessor l=0 r=8 result={"bound":7,"found":true,"l":0,"op":"predecessor","r":8,"value":5}
2026-09-27T17:23:28.483617Z  INFO query handled by kernel request_id=req-3136999101444a9995a10e5d168dc3e8 index=demo op=successor l=0 r=8 result={"bound":43,"found":false,"l":0,"op":"successor","r":8,"value":null}
2026-09-27T17:23:28.489694Z  INFO query handled by kernel request_id=req-2a361fdf941049faba918e967bc61b28 index=extremes op=kth_smallest l=0 r=6 result={"k":0,"l":0,"op":"kth_smallest","r":6,"value":-9223372036854775808}
2026-09-27T17:23:47.727518Z  WARN k = 8 is out of bounds for a window of length 8 (k is 0-based) request_id=req-192cac37317c449ea9104eaa520f5ff5 error_kind="k_out_of_bounds" status=400 Bad Request
2026-09-27T17:23:47.735212Z  WARN window [3, 3) is empty; queries require l < r request_id=req-1c10c910287f4e7ea149716ba5ce042c error_kind="empty_range" status=400 Bad Request
2026-09-27T17:23:47.742051Z  WARN window [0, 99) does not fit inside a sequence of length 8 request_id=req-4a570cba9b0e47029f581e6a87beaae4 error_kind="invalid_range" status=400 Bad Request
2026-09-27T17:23:47.748645Z  WARN bad request: op kth_smallest requires `k` request_id=req-da93b4b184f047619526b66b0d417dee error_kind="bad_request" status=400 Bad Request
2026-09-27T17:23:47.755193Z  WARN bad request: unknown op "median"; expected one of kth_smallest, count_lt, count_range, predecessor, successor request_id=req-51c1ae9cc84c4971b0cf48007fa526cd error_kind="bad_request" status=400 Bad Request
2026-09-27T17:23:47.761502Z  WARN index "ghost" not found request_id=req-0aadd333178c426a9d138a50579c60b2 error_kind="index_not_found" status=404 Not Found
2026-09-27T17:23:47.768345Z  INFO create_index: request received request_id=req-184b5d7566bf433e8ffd8f8db7a363f5 index=empty n=0
2026-09-27T17:23:47.768361Z  WARN cannot build an index over an empty sequence request_id=req-184b5d7566bf433e8ffd8f8db7a363f5 error_kind="empty_input" status=400 Bad Request
2026-09-27T17:23:47.775647Z  INFO create_index: request received request_id=req-ceb82e2caea74116b21342b21c3979a4 index=demo n=1
2026-09-27T17:23:47.775661Z  WARN index "demo" already exists request_id=req-ceb82e2caea74116b21342b21c3979a4 error_kind="duplicate_index" status=409 Conflict
2026-09-27T17:23:47.782353Z  INFO create_index: request received request_id=req-afd26488b6194f60ade7721eb949f52c index=../evil n=1
2026-09-27T17:23:47.782383Z  WARN invalid index name "../evil"; expected [A-Za-z0-9][A-Za-z0-9_-]{0,63} request_id=req-afd26488b6194f60ade7721eb949f52c error_kind="invalid_index_name" status=400 Bad Request
2026-09-27T17:23:47.788792Z  WARN bad request: invalid JSON body: Failed to parse the request body as JSON: key must be a string at line 1 column 3 request_id=req-91634998fadf464196f9c5b0e585c1c8 error_kind="bad_request" status=400 Bad Request
2026-09-27T17:23:47.795178Z  WARN bad request: invalid JSON body: Failed to deserialize the JSON body into the target type: l: invalid type: string "zero", expected usize at line 1 column 27 request_id=req-43b2b2776070483cbb4fc99c3caa2ab3 error_kind="bad_request" status=400 Bad Request
2026-09-27T17:24:28.067185Z  INFO configuration loaded config_path=/tmp/wm-verify.toml listen=127.0.0.1:18099 data_dir=./data
2026-09-27T17:24:28.067288Z  INFO loaded index from data directory index=demo len=8 distinct=6 height=3 format_version=1
2026-09-27T17:24:28.067318Z  INFO loaded index from data directory index=extremes len=6 distinct=5 height=3 format_version=1
2026-09-27T17:24:28.067324Z  INFO restored 2 persisted index(es)
2026-09-27T17:24:28.067410Z  INFO listening addr=127.0.0.1:18099 service="wavelet-matrix-service" version="0.1.0"
2026-09-27T17:24:29.082638Z  INFO query handled by kernel request_id=req-6139a99644894b16af012063acdd1b41 index=demo op=kth_smallest l=0 r=8 result={"k":7,"l":0,"op":"kth_smallest","r":8,"value":42}
